// Jest Snapshot v1, https://goo.gl/fbAQLP

exports[`matches the snapshot 1`] = `
<GridItem
  movie={
    Object {
      "id": "some_movie",
      "poster": "/some_poster.jpg",
      "title": "Interstellar",
    }
  }
  onMovieSelected={[Function]}
  showDetails={true}
/>
`;
