// Jest Snapshot v1, https://goo.gl/fbAQLP

exports[`matches the snapshot 1`] = `"We're sorry, an error occured. Please check your internet connection and try again."`;
